// Jest Snapshot v1, https://goo.gl/fbAQLP

exports[`ComicsListItem should render correctly in "debug" mode 1`] = `
<div
  className="row"
  onClick={[Function]}
>
  <div
    className="fixed four columns "
  >
    <img
      alt="title"
      className="thumb"
      src="test.jpg"
    />
  </div>
  <div
    className="fixed eight columns "
  >
    <div
      className="row"
    >
      <div
        className="twelve columns list-item-title"
      >
        title
      </div>
    </div>
    <div
      className="row"
    >
      <div
        className="twelve columns"
      />
    </div>
    <div
      className="row"
    >
      <div
        className="twelve columns"
      >
        32
         Pages - $
        3.99
      </div>
    </div>
  </div>
</div>
`;
