// Jest Snapshot v1, https://goo.gl/fbAQLP

exports[`ComicsDetails should render correctly in "debug" mode 1`] = `
<main>
  <article
    className="eight columns hide-on-small"
  >
    <h4>
      Comics Details
    </h4>
    <hr />
    <Row>
      <div
        className="twelve columns"
      >
        <h5
          className="detail-title"
        >
          title
        </h5>
      </div>
    </Row>
    <Row>
      <div
        className="five columns"
      >
        <img
          alt="title"
          className="detail-img"
        />
      </div>
      <div
        className="seven columns"
      >
        <ComicDetailsCreators
          creators={
            Array [
              Object {
                "name": "writer name",
              },
            ]
          }
        />
      </div>
    </Row>
  </article>
</main>
`;
