// Jest Snapshot v1, https://goo.gl/fbAQLP

exports[`Header should render correctly in "debug" mode 1`] = `
<header
  className="twelve columns header"
>
  <h1>
    Comic Advisor
  </h1>
  <h5>
    What should I read today?
  </h5>
</header>
`;
